should include blank mailer config in default config scripts when not configured:
  1: |
    |-
      unclassified:
        # Configure System > E-mail Notification
        mailer:
          smtpHost: ""
should include mailer config in default config scripts when configured:
  1: |
    "unclassified:\n  # Configure System > E-mail Notification\n  mailer:\n    charset:
      \"UTF-8\"\n    useSsl: false\n    useTls: false\n    smtpHost: \"smtp.anznp.co.nz\"\n
      \   smtpPort: "
