should include blank vault config in default config scripts when not configured:
  1: |
    |-
      unclassified:
        # Configure System > Vault Plugin
        hashicorpVault:
          configuration:
            vaultCredentialId: ""
            vaultNamespace: ""
            vaultUrl: ""
should include vault config in default config scripts when configured:
  1: |
    |-
      unclassified:
        # Configure System > Vault Plugin
        hashicorpVault:
          configuration:
            vaultCredentialId: ""
            vaultNamespace: ""
            vaultUrl: ""
